Archive member included to satisfy reference by file (symbol)

c:/program files (x86)/atmel/studio/7.0/toolchain/avr8/avr8-gnu-toolchain/bin/../lib/gcc/avr/5.4.0/avr5\libgcc.a(_divmodhi4.o)
                              MCAL/TIMER/TIMER.o (__divmodhi4)
c:/program files (x86)/atmel/studio/7.0/toolchain/avr8/avr8-gnu-toolchain/bin/../lib/gcc/avr/5.4.0/avr5\libgcc.a(_udivmodsi4.o)
                              APP/main.o (__udivmodsi4)
c:/program files (x86)/atmel/studio/7.0/toolchain/avr8/avr8-gnu-toolchain/bin/../lib/gcc/avr/5.4.0/avr5\libgcc.a(_exit.o)
                              c:/program files (x86)/atmel/studio/7.0/toolchain/avr8/avr8-gnu-toolchain/bin/../lib/gcc/avr/5.4.0/../../../../avr/lib/avr5/crtatmega32.o (exit)
c:/program files (x86)/atmel/studio/7.0/toolchain/avr8/avr8-gnu-toolchain/bin/../lib/gcc/avr/5.4.0/avr5\libgcc.a(_tablejump2.o)
                              HAL/S_SEG/S_SEG.o (__tablejump2__)
c:/program files (x86)/atmel/studio/7.0/toolchain/avr8/avr8-gnu-toolchain/bin/../lib/gcc/avr/5.4.0/avr5\libgcc.a(_copy_data.o)
                              APP/main.o (__do_copy_data)
c:/program files (x86)/atmel/studio/7.0/toolchain/avr8/avr8-gnu-toolchain/bin/../lib/gcc/avr/5.4.0/avr5\libgcc.a(_clear_bss.o)
                              APP/main.o (__do_clear_bss)
c:/program files (x86)/atmel/studio/7.0/toolchain/avr8/avr8-gnu-toolchain/bin/../lib/gcc/avr/5.4.0/avr5\libgcc.a(_umulhisi3.o)
                              HAL/S_SEG/S_SEG.o (__umulhisi3)
c:/program files (x86)/atmel/studio/7.0/toolchain/avr8/avr8-gnu-toolchain/bin/../lib/gcc/avr/5.4.0/avr5\libgcc.a(_muluhisi3.o)
                              MCAL/TIMER/TIMER.o (__muluhisi3)
c:/program files (x86)/atmel/studio/7.0/toolchain/avr8/avr8-gnu-toolchain/bin/../lib/gcc/avr/5.4.0/avr5\libgcc.a(_udivmodhi4.o)
                              c:/program files (x86)/atmel/studio/7.0/toolchain/avr8/avr8-gnu-toolchain/bin/../lib/gcc/avr/5.4.0/avr5\libgcc.a(_divmodhi4.o) (__udivmodhi4)

Allocating common symbols
Common symbol       size              file

num_of_ov           0x4               MCAL/TIMER/TIMER.o
Desired_temp        0x1               APP/main.o
initial_value       0x4               MCAL/TIMER/TIMER.o

Discarded input sections

 .data          0x00000000        0x0 c:/program files (x86)/atmel/studio/7.0/toolchain/avr8/avr8-gnu-toolchain/bin/../lib/gcc/avr/5.4.0/../../../../avr/lib/avr5/crtatmega32.o
 .bss           0x00000000        0x0 c:/program files (x86)/atmel/studio/7.0/toolchain/avr8/avr8-gnu-toolchain/bin/../lib/gcc/avr/5.4.0/../../../../avr/lib/avr5/crtatmega32.o
 .text          0x00000000        0x0 APP/main.o
 .data          0x00000000        0x0 APP/main.o
 .bss           0x00000000        0x0 APP/main.o
 .text          0x00000000        0x0 HAL/cooling_elemnt/cooling_element.o
 .data          0x00000000        0x0 HAL/cooling_elemnt/cooling_element.o
 .bss           0x00000000        0x0 HAL/cooling_elemnt/cooling_element.o
 .text          0x00000000        0x0 HAL/EEPROM_24C16/EEPROM_24C16.o
 .data          0x00000000        0x0 HAL/EEPROM_24C16/EEPROM_24C16.o
 .bss           0x00000000        0x0 HAL/EEPROM_24C16/EEPROM_24C16.o
 .text          0x00000000        0x0 HAL/heating_element/Heating_element.o
 .data          0x00000000        0x0 HAL/heating_element/Heating_element.o
 .bss           0x00000000        0x0 HAL/heating_element/Heating_element.o
 .text          0x00000000        0x0 HAL/KEY_PAD/KYE_PAD.o
 .data          0x00000000        0x0 HAL/KEY_PAD/KYE_PAD.o
 .bss           0x00000000        0x0 HAL/KEY_PAD/KYE_PAD.o
 .text.KEY_PAD_INIT
                0x00000000       0x82 HAL/KEY_PAD/KYE_PAD.o
 .text.KEY_PAD_READ
                0x00000000       0x7e HAL/KEY_PAD/KYE_PAD.o
 .data.arr      0x00000000       0x10 HAL/KEY_PAD/KYE_PAD.o
 .debug_info    0x00000000      0x3ac HAL/KEY_PAD/KYE_PAD.o
 .debug_abbrev  0x00000000      0x15b HAL/KEY_PAD/KYE_PAD.o
 .debug_loc     0x00000000      0x14a HAL/KEY_PAD/KYE_PAD.o
 .debug_aranges
                0x00000000       0x28 HAL/KEY_PAD/KYE_PAD.o
 .debug_ranges  0x00000000       0x18 HAL/KEY_PAD/KYE_PAD.o
 .debug_line    0x00000000      0x213 HAL/KEY_PAD/KYE_PAD.o
 .debug_str     0x00000000      0x23e HAL/KEY_PAD/KYE_PAD.o
 .comment       0x00000000       0x31 HAL/KEY_PAD/KYE_PAD.o
 .debug_frame   0x00000000       0x58 HAL/KEY_PAD/KYE_PAD.o
 .text          0x00000000        0x0 HAL/LED/LED.o
 .data          0x00000000        0x0 HAL/LED/LED.o
 .bss           0x00000000        0x0 HAL/LED/LED.o
 .text.LEDS_ON  0x00000000       0x1a HAL/LED/LED.o
 .text.LEDS_OFF
                0x00000000       0x1a HAL/LED/LED.o
 .text          0x00000000        0x0 HAL/P_B/P_B.o
 .data          0x00000000        0x0 HAL/P_B/P_B.o
 .bss           0x00000000        0x0 HAL/P_B/P_B.o
 .text          0x00000000        0x0 HAL/S_SEG/S_SEG.o
 .data          0x00000000        0x0 HAL/S_SEG/S_SEG.o
 .bss           0x00000000        0x0 HAL/S_SEG/S_SEG.o
 .text.S_SEG_COUNT_DOWN
                0x00000000      0x38e HAL/S_SEG/S_SEG.o
 .progmem.gcc_sw_table.S_SEG_COUNT_DOWN
                0x00000000       0x28 HAL/S_SEG/S_SEG.o
 .text.S_SEG_TIMER
                0x00000000      0x38e HAL/S_SEG/S_SEG.o
 .progmem.gcc_sw_table.S_SEG_TIMER
                0x00000000       0x28 HAL/S_SEG/S_SEG.o
 .text          0x00000000        0x0 HAL/TEMP_S/TEMP_S.o
 .data          0x00000000        0x0 HAL/TEMP_S/TEMP_S.o
 .bss           0x00000000        0x0 HAL/TEMP_S/TEMP_S.o
 .text          0x00000000        0x0 MCAL/ADC/ADC.o
 .data          0x00000000        0x0 MCAL/ADC/ADC.o
 .bss           0x00000000        0x0 MCAL/ADC/ADC.o
 .text          0x00000000        0x0 MCAL/DIO/DIO.o
 .data          0x00000000        0x0 MCAL/DIO/DIO.o
 .bss           0x00000000        0x0 MCAL/DIO/DIO.o
 .text.PIN_PULL_UP
                0x00000000      0x1de MCAL/DIO/DIO.o
 .text.PORT_MODE
                0x00000000       0x20 MCAL/DIO/DIO.o
 .text.PORT_WRITE
                0x00000000       0x20 MCAL/DIO/DIO.o
 .text.PORT_TOGGLE
                0x00000000       0x30 MCAL/DIO/DIO.o
 .text.PORT_READ
                0x00000000       0x24 MCAL/DIO/DIO.o
 .text.PORT_PULL_UP
                0x00000000       0x50 MCAL/DIO/DIO.o
 .text          0x00000000        0x0 MCAL/EEPROM/EEPROM.o
 .data          0x00000000        0x0 MCAL/EEPROM/EEPROM.o
 .bss           0x00000000        0x0 MCAL/EEPROM/EEPROM.o
 .debug_line    0x00000000        0x0 MCAL/EEPROM/EEPROM.o
 .debug_str     0x00000000      0x112 MCAL/EEPROM/EEPROM.o
 .comment       0x00000000       0x31 MCAL/EEPROM/EEPROM.o
 .text          0x00000000        0x0 MCAL/EX_INT/EX_INT.o
 .data          0x00000000        0x0 MCAL/EX_INT/EX_INT.o
 .bss           0x00000000        0x0 MCAL/EX_INT/EX_INT.o
 .text.EXTERNAL_INT_0_INIT
                0x00000000       0x1a MCAL/EX_INT/EX_INT.o
 .debug_info    0x00000000       0x82 MCAL/EX_INT/EX_INT.o
 .debug_abbrev  0x00000000       0x46 MCAL/EX_INT/EX_INT.o
 .debug_aranges
                0x00000000       0x20 MCAL/EX_INT/EX_INT.o
 .debug_ranges  0x00000000       0x10 MCAL/EX_INT/EX_INT.o
 .debug_line    0x00000000       0x77 MCAL/EX_INT/EX_INT.o
 .debug_str     0x00000000      0x185 MCAL/EX_INT/EX_INT.o
 .comment       0x00000000       0x31 MCAL/EX_INT/EX_INT.o
 .debug_frame   0x00000000       0x24 MCAL/EX_INT/EX_INT.o
 .text          0x00000000        0x0 MCAL/TIMER/TIMER.o
 .data          0x00000000        0x0 MCAL/TIMER/TIMER.o
 .bss           0x00000000        0x0 MCAL/TIMER/TIMER.o
 .text.PWM_0_INIT
                0x00000000       0x1c MCAL/TIMER/TIMER.o
 .text.PWM_0_SET_DUTY_CYCLE
                0x00000000       0x16 MCAL/TIMER/TIMER.o
 .text.PWM_0_START
                0x00000000       0x14 MCAL/TIMER/TIMER.o
 .text.PWM_0_STOP
                0x00000000       0x14 MCAL/TIMER/TIMER.o
 .text.PWM_1_INIT
                0x00000000       0x28 MCAL/TIMER/TIMER.o
 .text.PWM_1_SET_DUTY_CYCLE
                0x00000000       0x22 MCAL/TIMER/TIMER.o
 .text.PWM_1_START
                0x00000000       0x14 MCAL/TIMER/TIMER.o
 .text.PWM_1_STOP
                0x00000000        0x2 MCAL/TIMER/TIMER.o
 .text          0x00000000        0x0 MCAL/TWI/TWI.o
 .data          0x00000000        0x0 MCAL/TWI/TWI.o
 .bss           0x00000000        0x0 MCAL/TWI/TWI.o
 .text.TWI_SLAVE_INIT
                0x00000000        0xc MCAL/TWI/TWI.o
 .text          0x00000000        0x0 MCAL/WDT/WDT.o
 .data          0x00000000        0x0 MCAL/WDT/WDT.o
 .bss           0x00000000        0x0 MCAL/WDT/WDT.o
 .text.WDT_INIT
                0x00000000       0x1a MCAL/WDT/WDT.o
 .text.WDT_REFRESH
                0x00000000        0x4 MCAL/WDT/WDT.o
 .debug_info    0x00000000       0x98 MCAL/WDT/WDT.o
 .debug_abbrev  0x00000000       0x46 MCAL/WDT/WDT.o
 .debug_aranges
                0x00000000       0x28 MCAL/WDT/WDT.o
 .debug_ranges  0x00000000       0x18 MCAL/WDT/WDT.o
 .debug_line    0x00000000       0x87 MCAL/WDT/WDT.o
 .debug_str     0x00000000      0x180 MCAL/WDT/WDT.o
 .comment       0x00000000       0x31 MCAL/WDT/WDT.o
 .debug_frame   0x00000000       0x34 MCAL/WDT/WDT.o
 .text          0x00000000        0x0 c:/program files (x86)/atmel/studio/7.0/toolchain/avr8/avr8-gnu-toolchain/bin/../lib/gcc/avr/5.4.0/avr5\libgcc.a(_divmodhi4.o)
 .data          0x00000000        0x0 c:/program files (x86)/atmel/studio/7.0/toolchain/avr8/avr8-gnu-toolchain/bin/../lib/gcc/avr/5.4.0/avr5\libgcc.a(_divmodhi4.o)
 .bss           0x00000000        0x0 c:/program files (x86)/atmel/studio/7.0/toolchain/avr8/avr8-gnu-toolchain/bin/../lib/gcc/avr/5.4.0/avr5\libgcc.a(_divmodhi4.o)
 .text.libgcc.mul
                0x00000000        0x0 c:/program files (x86)/atmel/studio/7.0/toolchain/avr8/avr8-gnu-toolchain/bin/../lib/gcc/avr/5.4.0/avr5\libgcc.a(_divmodhi4.o)
 .text.libgcc.div
                0x00000000       0x28 c:/program files (x86)/atmel/studio/7.0/toolchain/avr8/avr8-gnu-toolchain/bin/../lib/gcc/avr/5.4.0/avr5\libgcc.a(_divmodhi4.o)
 .text.libgcc   0x00000000        0x0 c:/program files (x86)/atmel/studio/7.0/toolchain/avr8/avr8-gnu-toolchain/bin/../lib/gcc/avr/5.4.0/avr5\libgcc.a(_divmodhi4.o)
 .text.libgcc.prologue
                0x00000000        0x0 c:/program files (x86)/atmel/studio/7.0/toolchain/avr8/avr8-gnu-toolchain/bin/../lib/gcc/avr/5.4.0/avr5\libgcc.a(_divmodhi4.o)
 .text.libgcc.builtins
                0x00000000        0x0 c:/program files (x86)/atmel/studio/7.0/toolchain/avr8/avr8-gnu-toolchain/bin/../lib/gcc/avr/5.4.0/avr5\libgcc.a(_divmodhi4.o)
 .text.libgcc.fmul
                0x00000000        0x0 c:/program files (x86)/atmel/studio/7.0/toolchain/avr8/avr8-gnu-toolchain/bin/../lib/gcc/avr/5.4.0/avr5\libgcc.a(_divmodhi4.o)
 .text.libgcc.fixed
                0x00000000        0x0 c:/program files (x86)/atmel/studio/7.0/toolchain/avr8/avr8-gnu-toolchain/bin/../lib/gcc/avr/5.4.0/avr5\libgcc.a(_divmodhi4.o)
 .text          0x00000000        0x0 c:/program files (x86)/atmel/studio/7.0/toolchain/avr8/avr8-gnu-toolchain/bin/../lib/gcc/avr/5.4.0/avr5\libgcc.a(_udivmodsi4.o)
 .data          0x00000000        0x0 c:/program files (x86)/atmel/studio/7.0/toolchain/avr8/avr8-gnu-toolchain/bin/../lib/gcc/avr/5.4.0/avr5\libgcc.a(_udivmodsi4.o)
 .bss           0x00000000        0x0 c:/program files (x86)/atmel/studio/7.0/toolchain/avr8/avr8-gnu-toolchain/bin/../lib/gcc/avr/5.4.0/avr5\libgcc.a(_udivmodsi4.o)
 .text.libgcc.mul
                0x00000000        0x0 c:/program files (x86)/atmel/studio/7.0/toolchain/avr8/avr8-gnu-toolchain/bin/../lib/gcc/avr/5.4.0/avr5\libgcc.a(_udivmodsi4.o)
 .text.libgcc   0x00000000        0x0 c:/program files (x86)/atmel/studio/7.0/toolchain/avr8/avr8-gnu-toolchain/bin/../lib/gcc/avr/5.4.0/avr5\libgcc.a(_udivmodsi4.o)
 .text.libgcc.prologue
                0x00000000        0x0 c:/program files (x86)/atmel/studio/7.0/toolchain/avr8/avr8-gnu-toolchain/bin/../lib/gcc/avr/5.4.0/avr5\libgcc.a(_udivmodsi4.o)
 .text.libgcc.builtins
                0x00000000        0x0 c:/program files (x86)/atmel/studio/7.0/toolchain/avr8/avr8-gnu-toolchain/bin/../lib/gcc/avr/5.4.0/avr5\libgcc.a(_udivmodsi4.o)
 .text.libgcc.fmul
                0x00000000        0x0 c:/program files (x86)/atmel/studio/7.0/toolchain/avr8/avr8-gnu-toolchain/bin/../lib/gcc/avr/5.4.0/avr5\libgcc.a(_udivmodsi4.o)
 .text.libgcc.fixed
                0x00000000        0x0 c:/program files (x86)/atmel/studio/7.0/toolchain/avr8/avr8-gnu-toolchain/bin/../lib/gcc/avr/5.4.0/avr5\libgcc.a(_udivmodsi4.o)
 .text          0x00000000        0x0 c:/program files (x86)/atmel/studio/7.0/toolchain/avr8/avr8-gnu-toolchain/bin/../lib/gcc/avr/5.4.0/avr5\libgcc.a(_exit.o)
 .data          0x00000000        0x0 c:/program files (x86)/atmel/studio/7.0/toolchain/avr8/avr8-gnu-toolchain/bin/../lib/gcc/avr/5.4.0/avr5\libgcc.a(_exit.o)
 .bss           0x00000000        0x0 c:/program files (x86)/atmel/studio/7.0/toolchain/avr8/avr8-gnu-toolchain/bin/../lib/gcc/avr/5.4.0/avr5\libgcc.a(_exit.o)
 .text.libgcc.mul
                0x00000000        0x0 c:/program files (x86)/atmel/studio/7.0/toolchain/avr8/avr8-gnu-toolchain/bin/../lib/gcc/avr/5.4.0/avr5\libgcc.a(_exit.o)
 .text.libgcc.div
                0x00000000        0x0 c:/program files (x86)/atmel/studio/7.0/toolchain/avr8/avr8-gnu-toolchain/bin/../lib/gcc/avr/5.4.0/avr5\libgcc.a(_exit.o)
 .text.libgcc   0x00000000        0x0 c:/program files (x86)/atmel/studio/7.0/toolchain/avr8/avr8-gnu-toolchain/bin/../lib/gcc/avr/5.4.0/avr5\libgcc.a(_exit.o)
 .text.libgcc.prologue
                0x00000000        0x0 c:/program files (x86)/atmel/studio/7.0/toolchain/avr8/avr8-gnu-toolchain/bin/../lib/gcc/avr/5.4.0/avr5\libgcc.a(_exit.o)
 .text.libgcc.builtins
                0x00000000        0x0 c:/program files (x86)/atmel/studio/7.0/toolchain/avr8/avr8-gnu-toolchain/bin/../lib/gcc/avr/5.4.0/avr5\libgcc.a(_exit.o)
 .text.libgcc.fmul
                0x00000000        0x0 c:/program files (x86)/atmel/studio/7.0/toolchain/avr8/avr8-gnu-toolchain/bin/../lib/gcc/avr/5.4.0/avr5\libgcc.a(_exit.o)
 .text.libgcc.fixed
                0x00000000        0x0 c:/program files (x86)/atmel/studio/7.0/toolchain/avr8/avr8-gnu-toolchain/bin/../lib/gcc/avr/5.4.0/avr5\libgcc.a(_exit.o)
 .text          0x00000000        0x0 c:/program files (x86)/atmel/studio/7.0/toolchain/avr8/avr8-gnu-toolchain/bin/../lib/gcc/avr/5.4.0/avr5\libgcc.a(_tablejump2.o)
 .data          0x00000000        0x0 c:/program files (x86)/atmel/studio/7.0/toolchain/avr8/avr8-gnu-toolchain/bin/../lib/gcc/avr/5.4.0/avr5\libgcc.a(_tablejump2.o)
 .bss           0x00000000        0x0 c:/program files (x86)/atmel/studio/7.0/toolchain/avr8/avr8-gnu-toolchain/bin/../lib/gcc/avr/5.4.0/avr5\libgcc.a(_tablejump2.o)
 .text.libgcc.mul
                0x00000000        0x0 c:/program files (x86)/atmel/studio/7.0/toolchain/avr8/avr8-gnu-toolchain/bin/../lib/gcc/avr/5.4.0/avr5\libgcc.a(_tablejump2.o)
 .text.libgcc.div
                0x00000000        0x0 c:/program files (x86)/atmel/studio/7.0/toolchain/avr8/avr8-gnu-toolchain/bin/../lib/gcc/avr/5.4.0/avr5\libgcc.a(_tablejump2.o)
 .text.libgcc.prologue
                0x00000000        0x0 c:/program files (x86)/atmel/studio/7.0/toolchain/avr8/avr8-gnu-toolchain/bin/../lib/gcc/avr/5.4.0/avr5\libgcc.a(_tablejump2.o)
 .text.libgcc.builtins
                0x00000000        0x0 c:/program files (x86)/atmel/studio/7.0/toolchain/avr8/avr8-gnu-toolchain/bin/../lib/gcc/avr/5.4.0/avr5\libgcc.a(_tablejump2.o)
 .text.libgcc.fmul
                0x00000000        0x0 c:/program files (x86)/atmel/studio/7.0/toolchain/avr8/avr8-gnu-toolchain/bin/../lib/gcc/avr/5.4.0/avr5\libgcc.a(_tablejump2.o)
 .text.libgcc.fixed
                0x00000000        0x0 c:/program files (x86)/atmel/studio/7.0/toolchain/avr8/avr8-gnu-toolchain/bin/../lib/gcc/avr/5.4.0/avr5\libgcc.a(_tablejump2.o)
 .text          0x00000000        0x0 c:/program files (x86)/atmel/studio/7.0/toolchain/avr8/avr8-gnu-toolchain/bin/../lib/gcc/avr/5.4.0/avr5\libgcc.a(_copy_data.o)
 .data          0x00000000        0x0 c:/program files (x86)/atmel/studio/7.0/toolchain/avr8/avr8-gnu-toolchain/bin/../lib/gcc/avr/5.4.0/avr5\libgcc.a(_copy_data.o)
 .bss           0x00000000        0x0 c:/program files (x86)/atmel/studio/7.0/toolchain/avr8/avr8-gnu-toolchain/bin/../lib/gcc/avr/5.4.0/avr5\libgcc.a(_copy_data.o)
 .text.libgcc.mul
                0x00000000        0x0 c:/program files (x86)/atmel/studio/7.0/toolchain/avr8/avr8-gnu-toolchain/bin/../lib/gcc/avr/5.4.0/avr5\libgcc.a(_copy_data.o)
 .text.libgcc.div
                0x00000000        0x0 c:/program files (x86)/atmel/studio/7.0/toolchain/avr8/avr8-gnu-toolchain/bin/../lib/gcc/avr/5.4.0/avr5\libgcc.a(_copy_data.o)
 .text.libgcc   0x00000000        0x0 c:/program files (x86)/atmel/studio/7.0/toolchain/avr8/avr8-gnu-toolchain/bin/../lib/gcc/avr/5.4.0/avr5\libgcc.a(_copy_data.o)
 .text.libgcc.prologue
                0x00000000        0x0 c:/program files (x86)/atmel/studio/7.0/toolchain/avr8/avr8-gnu-toolchain/bin/../lib/gcc/avr/5.4.0/avr5\libgcc.a(_copy_data.o)
 .text.libgcc.builtins
                0x00000000        0x0 c:/program files (x86)/atmel/studio/7.0/toolchain/avr8/avr8-gnu-toolchain/bin/../lib/gcc/avr/5.4.0/avr5\libgcc.a(_copy_data.o)
 .text.libgcc.fmul
                0x00000000        0x0 c:/program files (x86)/atmel/studio/7.0/toolchain/avr8/avr8-gnu-toolchain/bin/../lib/gcc/avr/5.4.0/avr5\libgcc.a(_copy_data.o)
 .text.libgcc.fixed
                0x00000000        0x0 c:/program files (x86)/atmel/studio/7.0/toolchain/avr8/avr8-gnu-toolchain/bin/../lib/gcc/avr/5.4.0/avr5\libgcc.a(_copy_data.o)
 .text          0x00000000        0x0 c:/program files (x86)/atmel/studio/7.0/toolchain/avr8/avr8-gnu-toolchain/bin/../lib/gcc/avr/5.4.0/avr5\libgcc.a(_clear_bss.o)
 .data          0x00000000        0x0 c:/program files (x86)/atmel/studio/7.0/toolchain/avr8/avr8-gnu-toolchain/bin/../lib/gcc/avr/5.4.0/avr5\libgcc.a(_clear_bss.o)
 .bss           0x00000000        0x0 c:/program files (x86)/atmel/studio/7.0/toolchain/avr8/avr8-gnu-toolchain/bin/../lib/gcc/avr/5.4.0/avr5\libgcc.a(_clear_bss.o)
 .text.libgcc.mul
                0x00000000        0x0 c:/program files (x86)/atmel/studio/7.0/toolchain/avr8/avr8-gnu-toolchain/bin/../lib/gcc/avr/5.4.0/avr5\libgcc.a(_clear_bss.o)
 .text.libgcc.div
                0x00000000        0x0 c:/program files (x86)/atmel/studio/7.0/toolchain/avr8/avr8-gnu-toolchain/bin/../lib/gcc/avr/5.4.0/avr5\libgcc.a(_clear_bss.o)
 .text.libgcc   0x00000000        0x0 c:/program files (x86)/atmel/studio/7.0/toolchain/avr8/avr8-gnu-toolchain/bin/../lib/gcc/avr/5.4.0/avr5\libgcc.a(_clear_bss.o)
 .text.libgcc.prologue
                0x00000000        0x0 c:/program files (x86)/atmel/studio/7.0/toolchain/avr8/avr8-gnu-toolchain/bin/../lib/gcc/avr/5.4.0/avr5\libgcc.a(_clear_bss.o)
 .text.libgcc.builtins
                0x00000000        0x0 c:/program files (x86)/atmel/studio/7.0/toolchain/avr8/avr8-gnu-toolchain/bin/../lib/gcc/avr/5.4.0/avr5\libgcc.a(_clear_bss.o)
 .text.libgcc.fmul
                0x00000000        0x0 c:/program files (x86)/atmel/studio/7.0/toolchain/avr8/avr8-gnu-toolchain/bin/../lib/gcc/avr/5.4.0/avr5\libgcc.a(_clear_bss.o)
 .text.libgcc.fixed
                0x00000000        0x0 c:/program files (x86)/atmel/studio/7.0/toolchain/avr8/avr8-gnu-toolchain/bin/../lib/gcc/avr/5.4.0/avr5\libgcc.a(_clear_bss.o)
 .text          0x00000000        0x0 c:/program files (x86)/atmel/studio/7.0/toolchain/avr8/avr8-gnu-toolchain/bin/../lib/gcc/avr/5.4.0/avr5\libgcc.a(_umulhisi3.o)
 .data          0x00000000        0x0 c:/program files (x86)/atmel/studio/7.0/toolchain/avr8/avr8-gnu-toolchain/bin/../lib/gcc/avr/5.4.0/avr5\libgcc.a(_umulhisi3.o)
 .bss           0x00000000        0x0 c:/program files (x86)/atmel/studio/7.0/toolchain/avr8/avr8-gnu-toolchain/bin/../lib/gcc/avr/5.4.0/avr5\libgcc.a(_umulhisi3.o)
 .text.libgcc.div
                0x00000000        0x0 c:/program files (x86)/atmel/studio/7.0/toolchain/avr8/avr8-gnu-toolchain/bin/../lib/gcc/avr/5.4.0/avr5\libgcc.a(_umulhisi3.o)
 .text.libgcc   0x00000000        0x0 c:/program files (x86)/atmel/studio/7.0/toolchain/avr8/avr8-gnu-toolchain/bin/../lib/gcc/avr/5.4.0/avr5\libgcc.a(_umulhisi3.o)
 .text.libgcc.prologue
                0x00000000        0x0 c:/program files (x86)/atmel/studio/7.0/toolchain/avr8/avr8-gnu-toolchain/bin/../lib/gcc/avr/5.4.0/avr5\libgcc.a(_umulhisi3.o)
 .text.libgcc.builtins
                0x00000000        0x0 c:/program files (x86)/atmel/studio/7.0/toolchain/avr8/avr8-gnu-toolchain/bin/../lib/gcc/avr/5.4.0/avr5\libgcc.a(_umulhisi3.o)
 .text.libgcc.fmul
                0x00000000        0x0 c:/program files (x86)/atmel/studio/7.0/toolchain/avr8/avr8-gnu-toolchain/bin/../lib/gcc/avr/5.4.0/avr5\libgcc.a(_umulhisi3.o)
 .text.libgcc.fixed
                0x00000000        0x0 c:/program files (x86)/atmel/studio/7.0/toolchain/avr8/avr8-gnu-toolchain/bin/../lib/gcc/avr/5.4.0/avr5\libgcc.a(_umulhisi3.o)
 .text          0x00000000        0x0 c:/program files (x86)/atmel/studio/7.0/toolchain/avr8/avr8-gnu-toolchain/bin/../lib/gcc/avr/5.4.0/avr5\libgcc.a(_muluhisi3.o)
 .data          0x00000000        0x0 c:/program files (x86)/atmel/studio/7.0/toolchain/avr8/avr8-gnu-toolchain/bin/../lib/gcc/avr/5.4.0/avr5\libgcc.a(_muluhisi3.o)
 .bss           0x00000000        0x0 c:/program files (x86)/atmel/studio/7.0/toolchain/avr8/avr8-gnu-toolchain/bin/../lib/gcc/avr/5.4.0/avr5\libgcc.a(_muluhisi3.o)
 .text.libgcc.div
                0x00000000        0x0 c:/program files (x86)/atmel/studio/7.0/toolchain/avr8/avr8-gnu-toolchain/bin/../lib/gcc/avr/5.4.0/avr5\libgcc.a(_muluhisi3.o)
 .text.libgcc   0x00000000        0x0 c:/program files (x86)/atmel/studio/7.0/toolchain/avr8/avr8-gnu-toolchain/bin/../lib/gcc/avr/5.4.0/avr5\libgcc.a(_muluhisi3.o)
 .text.libgcc.prologue
                0x00000000        0x0 c:/program files (x86)/atmel/studio/7.0/toolchain/avr8/avr8-gnu-toolchain/bin/../lib/gcc/avr/5.4.0/avr5\libgcc.a(_muluhisi3.o)
 .text.libgcc.builtins
                0x00000000        0x0 c:/program files (x86)/atmel/studio/7.0/toolchain/avr8/avr8-gnu-toolchain/bin/../lib/gcc/avr/5.4.0/avr5\libgcc.a(_muluhisi3.o)
 .text.libgcc.fmul
                0x00000000        0x0 c:/program files (x86)/atmel/studio/7.0/toolchain/avr8/avr8-gnu-toolchain/bin/../lib/gcc/avr/5.4.0/avr5\libgcc.a(_muluhisi3.o)
 .text.libgcc.fixed
                0x00000000        0x0 c:/program files (x86)/atmel/studio/7.0/toolchain/avr8/avr8-gnu-toolchain/bin/../lib/gcc/avr/5.4.0/avr5\libgcc.a(_muluhisi3.o)
 .text          0x00000000        0x0 c:/program files (x86)/atmel/studio/7.0/toolchain/avr8/avr8-gnu-toolchain/bin/../lib/gcc/avr/5.4.0/avr5\libgcc.a(_udivmodhi4.o)
 .data          0x00000000        0x0 c:/program files (x86)/atmel/studio/7.0/toolchain/avr8/avr8-gnu-toolchain/bin/../lib/gcc/avr/5.4.0/avr5\libgcc.a(_udivmodhi4.o)
 .bss           0x00000000        0x0 c:/program files (x86)/atmel/studio/7.0/toolchain/avr8/avr8-gnu-toolchain/bin/../lib/gcc/avr/5.4.0/avr5\libgcc.a(_udivmodhi4.o)
 .text.libgcc.mul
                0x00000000        0x0 c:/program files (x86)/atmel/studio/7.0/toolchain/avr8/avr8-gnu-toolchain/bin/../lib/gcc/avr/5.4.0/avr5\libgcc.a(_udivmodhi4.o)
 .text.libgcc.div
                0x00000000       0x28 c:/program files (x86)/atmel/studio/7.0/toolchain/avr8/avr8-gnu-toolchain/bin/../lib/gcc/avr/5.4.0/avr5\libgcc.a(_udivmodhi4.o)
 .text.libgcc   0x00000000        0x0 c:/program files (x86)/atmel/studio/7.0/toolchain/avr8/avr8-gnu-toolchain/bin/../lib/gcc/avr/5.4.0/avr5\libgcc.a(_udivmodhi4.o)
 .text.libgcc.prologue
                0x00000000        0x0 c:/program files (x86)/atmel/studio/7.0/toolchain/avr8/avr8-gnu-toolchain/bin/../lib/gcc/avr/5.4.0/avr5\libgcc.a(_udivmodhi4.o)
 .text.libgcc.builtins
                0x00000000        0x0 c:/program files (x86)/atmel/studio/7.0/toolchain/avr8/avr8-gnu-toolchain/bin/../lib/gcc/avr/5.4.0/avr5\libgcc.a(_udivmodhi4.o)
 .text.libgcc.fmul
                0x00000000        0x0 c:/program files (x86)/atmel/studio/7.0/toolchain/avr8/avr8-gnu-toolchain/bin/../lib/gcc/avr/5.4.0/avr5\libgcc.a(_udivmodhi4.o)
 .text.libgcc.fixed
                0x00000000        0x0 c:/program files (x86)/atmel/studio/7.0/toolchain/avr8/avr8-gnu-toolchain/bin/../lib/gcc/avr/5.4.0/avr5\libgcc.a(_udivmodhi4.o)

Memory Configuration

Name             Origin             Length             Attributes
text             0x00000000         0x00008000         xr
data             0x00800060         0x00000800         rw !x
eeprom           0x00810000         0x00000400         rw !x
fuse             0x00820000         0x00000002         rw !x
lock             0x00830000         0x00000400         rw !x
signature        0x00840000         0x00000400         rw !x
user_signatures  0x00850000         0x00000400         rw !x
*default*        0x00000000         0xffffffff

Linker script and memory map

LOAD c:/program files (x86)/atmel/studio/7.0/toolchain/avr8/avr8-gnu-toolchain/bin/../lib/gcc/avr/5.4.0/../../../../avr/lib/avr5/crtatmega32.o
LOAD APP/main.o
LOAD HAL/cooling_elemnt/cooling_element.o
LOAD HAL/EEPROM_24C16/EEPROM_24C16.o
LOAD HAL/heating_element/Heating_element.o
LOAD HAL/KEY_PAD/KYE_PAD.o
LOAD HAL/LED/LED.o
LOAD HAL/P_B/P_B.o
LOAD HAL/S_SEG/S_SEG.o
LOAD HAL/TEMP_S/TEMP_S.o
LOAD MCAL/ADC/ADC.o
LOAD MCAL/DIO/DIO.o
LOAD MCAL/EEPROM/EEPROM.o
LOAD MCAL/EX_INT/EX_INT.o
LOAD MCAL/TIMER/TIMER.o
LOAD MCAL/TWI/TWI.o
LOAD MCAL/WDT/WDT.o
START GROUP
LOAD c:/program files (x86)/atmel/studio/7.0/toolchain/avr8/avr8-gnu-toolchain/bin/../lib/gcc/avr/5.4.0/../../../../avr/lib/avr5\libm.a
END GROUP
START GROUP
LOAD c:/program files (x86)/atmel/studio/7.0/toolchain/avr8/avr8-gnu-toolchain/bin/../lib/gcc/avr/5.4.0/avr5\libgcc.a
LOAD c:/program files (x86)/atmel/studio/7.0/toolchain/avr8/avr8-gnu-toolchain/bin/../lib/gcc/avr/5.4.0/../../../../avr/lib/avr5\libm.a
LOAD c:/program files (x86)/atmel/studio/7.0/toolchain/avr8/avr8-gnu-toolchain/bin/../lib/gcc/avr/5.4.0/../../../../avr/lib/avr5\libc.a
LOAD c:/program files (x86)/atmel/studio/7.0/toolchain/avr8/avr8-gnu-toolchain/bin/../lib/gcc/avr/5.4.0/../../../../avr/lib/avr5\libatmega32.a
END GROUP
                0x00000000                __TEXT_REGION_ORIGIN__ = DEFINED (__TEXT_REGION_ORIGIN__)?__TEXT_REGION_ORIGIN__:0x0
                [0x00800060]                __DATA_REGION_ORIGIN__ = DEFINED (__DATA_REGION_ORIGIN__)?__DATA_REGION_ORIGIN__:0x800060
                [0x00008000]                __TEXT_REGION_LENGTH__ = DEFINED (__TEXT_REGION_LENGTH__)?__TEXT_REGION_LENGTH__:0x20000
                [0x00000800]                __DATA_REGION_LENGTH__ = DEFINED (__DATA_REGION_LENGTH__)?__DATA_REGION_LENGTH__:0xffa0
                [0x00000400]                __EEPROM_REGION_LENGTH__ = DEFINED (__EEPROM_REGION_LENGTH__)?__EEPROM_REGION_LENGTH__:0x10000
                [0x00000002]                __FUSE_REGION_LENGTH__ = DEFINED (__FUSE_REGION_LENGTH__)?__FUSE_REGION_LENGTH__:0x400
                0x00000400                __LOCK_REGION_LENGTH__ = DEFINED (__LOCK_REGION_LENGTH__)?__LOCK_REGION_LENGTH__:0x400
                0x00000400                __SIGNATURE_REGION_LENGTH__ = DEFINED (__SIGNATURE_REGION_LENGTH__)?__SIGNATURE_REGION_LENGTH__:0x400
                0x00000400                __USER_SIGNATURE_REGION_LENGTH__ = DEFINED (__USER_SIGNATURE_REGION_LENGTH__)?__USER_SIGNATURE_REGION_LENGTH__:0x400

.hash
 *(.hash)

.dynsym
 *(.dynsym)

.dynstr
 *(.dynstr)

.gnu.version
 *(.gnu.version)

.gnu.version_d
 *(.gnu.version_d)

.gnu.version_r
 *(.gnu.version_r)

.rel.init
 *(.rel.init)

.rela.init
 *(.rela.init)

.rel.text
 *(.rel.text)
 *(.rel.text.*)
 *(.rel.gnu.linkonce.t*)

.rela.text
 *(.rela.text)
 *(.rela.text.*)
 *(.rela.gnu.linkonce.t*)

.rel.fini
 *(.rel.fini)

.rela.fini
 *(.rela.fini)

.rel.rodata
 *(.rel.rodata)
 *(.rel.rodata.*)
 *(.rel.gnu.linkonce.r*)

.rela.rodata
 *(.rela.rodata)
 *(.rela.rodata.*)
 *(.rela.gnu.linkonce.r*)

.rel.data
 *(.rel.data)
 *(.rel.data.*)
 *(.rel.gnu.linkonce.d*)

.rela.data
 *(.rela.data)
 *(.rela.data.*)
 *(.rela.gnu.linkonce.d*)

.rel.ctors
 *(.rel.ctors)

.rela.ctors
 *(.rela.ctors)

.rel.dtors
 *(.rel.dtors)

.rela.dtors
 *(.rela.dtors)

.rel.got
 *(.rel.got)

.rela.got
 *(.rela.got)

.rel.bss
 *(.rel.bss)

.rela.bss
 *(.rela.bss)

.rel.plt
 *(.rel.plt)

.rela.plt
 *(.rela.plt)

.text           0x00000000     0x1462
 *(.vectors)
 .vectors       0x00000000       0x54 c:/program files (x86)/atmel/studio/7.0/toolchain/avr8/avr8-gnu-toolchain/bin/../lib/gcc/avr/5.4.0/../../../../avr/lib/avr5/crtatmega32.o
                0x00000000                __vector_default
                0x00000000                __vectors
 *(.vectors)
 *(.progmem.gcc*)
 .progmem.gcc_sw_table.S_SEG_DISPLAY
                0x00000054       0x28 HAL/S_SEG/S_SEG.o
 .progmem.gcc_sw_table.ADC_READ
                0x0000007c       0x10 MCAL/ADC/ADC.o
                0x0000008c                . = ALIGN (0x2)
                0x0000008c                __trampolines_start = .
 *(.trampolines)
 .trampolines   0x0000008c        0x0 linker stubs
 *(.trampolines*)
                0x0000008c                __trampolines_end = .
 *libprintf_flt.a:*(.progmem.data)
 *libc.a:*(.progmem.data)
 *(.progmem*)
                0x0000008c                . = ALIGN (0x2)
 *(.jumptables)
 *(.jumptables*)
 *(.lowtext)
 *(.lowtext*)
                0x0000008c                __ctors_start = .
 *(.ctors)
                0x0000008c                __ctors_end = .
                0x0000008c                __dtors_start = .
 *(.dtors)
                0x0000008c                __dtors_end = .
 SORT(*)(.ctors)
 SORT(*)(.dtors)
 *(.init0)
 .init0         0x0000008c        0x0 c:/program files (x86)/atmel/studio/7.0/toolchain/avr8/avr8-gnu-toolchain/bin/../lib/gcc/avr/5.4.0/../../../../avr/lib/avr5/crtatmega32.o
                0x0000008c                __init
 *(.init0)
 *(.init1)
 *(.init1)
 *(.init2)
 .init2         0x0000008c        0xc c:/program files (x86)/atmel/studio/7.0/toolchain/avr8/avr8-gnu-toolchain/bin/../lib/gcc/avr/5.4.0/../../../../avr/lib/avr5/crtatmega32.o
 *(.init2)
 *(.init3)
 *(.init3)
 *(.init4)
 .init4         0x00000098       0x16 c:/program files (x86)/atmel/studio/7.0/toolchain/avr8/avr8-gnu-toolchain/bin/../lib/gcc/avr/5.4.0/avr5\libgcc.a(_copy_data.o)
                0x00000098                __do_copy_data
 .init4         0x000000ae       0x10 c:/program files (x86)/atmel/studio/7.0/toolchain/avr8/avr8-gnu-toolchain/bin/../lib/gcc/avr/5.4.0/avr5\libgcc.a(_clear_bss.o)
                0x000000ae                __do_clear_bss
 *(.init4)
 *(.init5)
 *(.init5)
 *(.init6)
 *(.init6)
 *(.init7)
 *(.init7)
 *(.init8)
 *(.init8)
 *(.init9)
 .init9         0x000000be        0x8 c:/program files (x86)/atmel/studio/7.0/toolchain/avr8/avr8-gnu-toolchain/bin/../lib/gcc/avr/5.4.0/../../../../avr/lib/avr5/crtatmega32.o
 *(.init9)
 *(.text)
 .text          0x000000c6        0x4 c:/program files (x86)/atmel/studio/7.0/toolchain/avr8/avr8-gnu-toolchain/bin/../lib/gcc/avr/5.4.0/../../../../avr/lib/avr5/crtatmega32.o
                0x000000c6                __vector_1
                0x000000c6                __vector_12
                0x000000c6                __bad_interrupt
                0x000000c6                __vector_6
                0x000000c6                __vector_3
                0x000000c6                __vector_11
                0x000000c6                __vector_13
                0x000000c6                __vector_17
                0x000000c6                __vector_19
                0x000000c6                __vector_7
                0x000000c6                __vector_5
                0x000000c6                __vector_4
                0x000000c6                __vector_2
                0x000000c6                __vector_15
                0x000000c6                __vector_8
                0x000000c6                __vector_14
                0x000000c6                __vector_10
                0x000000c6                __vector_16
                0x000000c6                __vector_18
                0x000000c6                __vector_20
                0x000000ca                . = ALIGN (0x2)
 *(.text.*)
 .text.main     0x000000ca      0x3ae APP/main.o
                0x000000ca                main
 .text.__vector_9
                0x00000478      0x13e APP/main.o
                0x00000478                __vector_9
 .text.cooling_element_init
                0x000005b6        0xa HAL/cooling_elemnt/cooling_element.o
                0x000005b6                cooling_element_init
 .text.cooling_element_ON
                0x000005c0        0xa HAL/cooling_elemnt/cooling_element.o
                0x000005c0                cooling_element_ON
 .text.cooling_element_OFF
                0x000005ca        0xa HAL/cooling_elemnt/cooling_element.o
                0x000005ca                cooling_element_OFF
 .text.EEPROM_24C16_INIT
                0x000005d4        0x6 HAL/EEPROM_24C16/EEPROM_24C16.o
                0x000005d4                EEPROM_24C16_INIT
 .text.EEPROM_24C16_WRITE
                0x000005da       0x34 HAL/EEPROM_24C16/EEPROM_24C16.o
                0x000005da                EEPROM_24C16_WRITE
 .text.EEPROM_24C16_READ
                0x0000060e       0x2e HAL/EEPROM_24C16/EEPROM_24C16.o
                0x0000060e                EEPROM_24C16_READ
 .text.Heating_element_init
                0x0000063c        0xa HAL/heating_element/Heating_element.o
                0x0000063c                Heating_element_init
 .text.Heating_element_ON
                0x00000646        0xa HAL/heating_element/Heating_element.o
                0x00000646                Heating_element_ON
 .text.Heating_element_OFF
                0x00000650        0xa HAL/heating_element/Heating_element.o
                0x00000650                Heating_element_OFF
 .text.LED_INIT
                0x0000065a       0x2a HAL/LED/LED.o
                0x0000065a                LED_INIT
 .text.LED_ON   0x00000684       0x2a HAL/LED/LED.o
                0x00000684                LED_ON
 .text.LED_OFF  0x000006ae       0x2a HAL/LED/LED.o
                0x000006ae                LED_OFF
 .text.LED_TOGGLE
                0x000006d8       0x24 HAL/LED/LED.o
                0x000006d8                LED_TOGGLE
 .text.P_B_INIT
                0x000006fc       0x2a HAL/P_B/P_B.o
                0x000006fc                P_B_INIT
 .text.P_B_READ
                0x00000726       0x28 HAL/P_B/P_B.o
                0x00000726                P_B_READ
 .text.S_SEG_INIT
                0x0000074e       0x3a HAL/S_SEG/S_SEG.o
                0x0000074e                S_SEG_INIT
 .text.S_SEG_DISPLAY
                0x00000788      0x362 HAL/S_SEG/S_SEG.o
                0x00000788                S_SEG_DISPLAY
 .text.S_SEG_TOGGLE
                0x00000aea        0xe HAL/S_SEG/S_SEG.o
                0x00000aea                S_SEG_TOGGLE
 .text.TEMP_S_INIT
                0x00000af8        0x6 HAL/TEMP_S/TEMP_S.o
                0x00000af8                TEMP_S_INIT
 .text.TEMP_S_READ
                0x00000afe       0x20 HAL/TEMP_S/TEMP_S.o
                0x00000afe                TEMP_S_READ
 .text.ADC_INIT
                0x00000b1e       0x12 MCAL/ADC/ADC.o
                0x00000b1e                ADC_INIT
 .text.ADC_READ
                0x00000b30       0x7c MCAL/ADC/ADC.o
                0x00000b30                ADC_READ
 .text.PIN_MODE
                0x00000bac      0x1de MCAL/DIO/DIO.o
                0x00000bac                PIN_MODE
 .text.PIN_WRITE
                0x00000d8a      0x1de MCAL/DIO/DIO.o
                0x00000d8a                PIN_WRITE
 .text.PIN_TOGGLE
                0x00000f68       0xec MCAL/DIO/DIO.o
                0x00000f68                PIN_TOGGLE
 .text.PIN_READ
                0x00001054       0xe0 MCAL/DIO/DIO.o
                0x00001054                PIN_READ
 .text.TIMER_0_INIT
                0x00001134       0x1a MCAL/TIMER/TIMER.o
                0x00001134                TIMER_0_INIT
 .text.TIMER_0_SET_TIME
                0x0000114e       0xa2 MCAL/TIMER/TIMER.o
                0x0000114e                TIMER_0_SET_TIME
 .text.TIMER_0_START
                0x000011f0       0x14 MCAL/TIMER/TIMER.o
                0x000011f0                TIMER_0_START
 .text.TIMER_0_STOP
                0x00001204       0x14 MCAL/TIMER/TIMER.o
                0x00001204                TIMER_0_STOP
 .text.TIMER_1_INIT
                0x00001218       0x26 MCAL/TIMER/TIMER.o
                0x00001218                TIMER_1_INIT
 .text.TIMER_1_SET_TIME
                0x0000123e       0x38 MCAL/TIMER/TIMER.o
                0x0000123e                TIMER_1_SET_TIME
 .text.TIMER_1_START
                0x00001276       0x14 MCAL/TIMER/TIMER.o
                0x00001276                TIMER_1_START
 .text.TIMER_1_STOP
                0x0000128a       0x14 MCAL/TIMER/TIMER.o
                0x0000128a                TIMER_1_STOP
 .text.TWI_MASTER_INIT
                0x0000129e       0x1e MCAL/TWI/TWI.o
                0x0000129e                TWI_MASTER_INIT
 .text.TWI_START_CONDETION
                0x000012bc       0x2e MCAL/TWI/TWI.o
                0x000012bc                TWI_START_CONDETION
 .text.TWI_REPEATED_START
                0x000012ea       0x2e MCAL/TWI/TWI.o
                0x000012ea                TWI_REPEATED_START
 .text.TWI_SEND_SLAVE_ADDRESS_WRITE
                0x00001318       0x1a MCAL/TWI/TWI.o
                0x00001318                TWI_SEND_SLAVE_ADDRESS_WRITE
 .text.TWI_SEND_SLAVE_ADDRESS_READ
                0x00001332       0x2e MCAL/TWI/TWI.o
                0x00001332                TWI_SEND_SLAVE_ADDRESS_READ
 .text.TWI_SEND_DATA
                0x00001360       0x30 MCAL/TWI/TWI.o
                0x00001360                TWI_SEND_DATA
 .text.TWI_READ_DATA
                0x00001390       0x3c MCAL/TWI/TWI.o
                0x00001390                TWI_READ_DATA
 .text.TWI_STOP_CONDETION
                0x000013cc        0xe MCAL/TWI/TWI.o
                0x000013cc                TWI_STOP_CONDETION
 .text.libgcc.div
                0x000013da       0x44 c:/program files (x86)/atmel/studio/7.0/toolchain/avr8/avr8-gnu-toolchain/bin/../lib/gcc/avr/5.4.0/avr5\libgcc.a(_udivmodsi4.o)
                0x000013da                __udivmodsi4
 .text.libgcc   0x0000141e        0xc c:/program files (x86)/atmel/studio/7.0/toolchain/avr8/avr8-gnu-toolchain/bin/../lib/gcc/avr/5.4.0/avr5\libgcc.a(_tablejump2.o)
                0x0000141e                __tablejump2__
 .text.libgcc.mul
                0x0000142a       0x1e c:/program files (x86)/atmel/studio/7.0/toolchain/avr8/avr8-gnu-toolchain/bin/../lib/gcc/avr/5.4.0/avr5\libgcc.a(_umulhisi3.o)
                0x0000142a                __umulhisi3
 .text.libgcc.mul
                0x00001448       0x16 c:/program files (x86)/atmel/studio/7.0/toolchain/avr8/avr8-gnu-toolchain/bin/../lib/gcc/avr/5.4.0/avr5\libgcc.a(_muluhisi3.o)
                0x00001448                __muluhisi3
                0x0000145e                . = ALIGN (0x2)
 *(.fini9)
 .fini9         0x0000145e        0x0 c:/program files (x86)/atmel/studio/7.0/toolchain/avr8/avr8-gnu-toolchain/bin/../lib/gcc/avr/5.4.0/avr5\libgcc.a(_exit.o)
                0x0000145e                _exit
                0x0000145e                exit
 *(.fini9)
 *(.fini8)
 *(.fini8)
 *(.fini7)
 *(.fini7)
 *(.fini6)
 *(.fini6)
 *(.fini5)
 *(.fini5)
 *(.fini4)
 *(.fini4)
 *(.fini3)
 *(.fini3)
 *(.fini2)
 *(.fini2)
 *(.fini1)
 *(.fini1)
 *(.fini0)
 .fini0         0x0000145e        0x4 c:/program files (x86)/atmel/studio/7.0/toolchain/avr8/avr8-gnu-toolchain/bin/../lib/gcc/avr/5.4.0/avr5\libgcc.a(_exit.o)
 *(.fini0)
                0x00001462                _etext = .

.data           0x00800060        0x2 load address 0x00001462
                0x00800060                PROVIDE (__data_start, .)
 *(.data)
 *(.data*)
 .data.task_timer_slector
                0x00800060        0x1 APP/main.o
                0x00800060                task_timer_slector
 .data.mode_selector
                0x00800061        0x1 APP/main.o
                0x00800061                mode_selector
 *(.gnu.linkonce.d*)
 *(.rodata)
 *(.rodata*)
 *(.gnu.linkonce.r*)
                0x00800062                . = ALIGN (0x2)
                0x00800062                _edata = .
                0x00800062                PROVIDE (__data_end, .)

.bss            0x00800062       0x1b
                0x00800062                PROVIDE (__bss_start, .)
 *(.bss)
 *(.bss*)
 .bss.counter3.1886
                0x00800062        0x4 APP/main.o
 .bss.counter2.1885
                0x00800066        0x4 APP/main.o
 .bss.counter1.1884
                0x0080006a        0x4 APP/main.o
 .bss.average_temp
                0x0080006e        0x1 APP/main.o
                0x0080006e                average_temp
 .bss.temp      0x0080006f        0x2 APP/main.o
                0x0080006f                temp
 .bss.counter   0x00800071        0x1 APP/main.o
                0x00800071                counter
 .bss.ones      0x00800072        0x1 APP/main.o
                0x00800072                ones
 .bss.tens      0x00800073        0x1 APP/main.o
                0x00800073                tens
 *(COMMON)
 COMMON         0x00800074        0x1 APP/main.o
                0x00800074                Desired_temp
 COMMON         0x00800075        0x8 MCAL/TIMER/TIMER.o
                0x00800075                num_of_ov
                0x00800079                initial_value
                0x0080007d                PROVIDE (__bss_end, .)
                0x00001462                __data_load_start = LOADADDR (.data)
                0x00001464                __data_load_end = (__data_load_start + SIZEOF (.data))

.noinit         0x0080007d        0x0
                [!provide]                PROVIDE (__noinit_start, .)
 *(.noinit*)
                [!provide]                PROVIDE (__noinit_end, .)
                0x0080007d                _end = .
                [!provide]                PROVIDE (__heap_start, .)

.eeprom         0x00810000        0x0
 *(.eeprom*)
                0x00810000                __eeprom_end = .

.fuse
 *(.fuse)
 *(.lfuse)
 *(.hfuse)
 *(.efuse)

.lock
 *(.lock*)

.signature
 *(.signature*)

.user_signatures
 *(.user_signatures*)

.stab
 *(.stab)

.stabstr
 *(.stabstr)

.stab.excl
 *(.stab.excl)

.stab.exclstr
 *(.stab.exclstr)

.stab.index
 *(.stab.index)

.stab.indexstr
 *(.stab.indexstr)

.comment        0x00000000       0x30
 *(.comment)
 .comment       0x00000000       0x30 APP/main.o
                                 0x31 (size before relaxing)
 .comment       0x00000030       0x31 HAL/cooling_elemnt/cooling_element.o
 .comment       0x00000030       0x31 HAL/EEPROM_24C16/EEPROM_24C16.o
 .comment       0x00000030       0x31 HAL/heating_element/Heating_element.o
 .comment       0x00000030       0x31 HAL/LED/LED.o
 .comment       0x00000030       0x31 HAL/P_B/P_B.o
 .comment       0x00000030       0x31 HAL/S_SEG/S_SEG.o
 .comment       0x00000030       0x31 HAL/TEMP_S/TEMP_S.o
 .comment       0x00000030       0x31 MCAL/ADC/ADC.o
 .comment       0x00000030       0x31 MCAL/DIO/DIO.o
 .comment       0x00000030       0x31 MCAL/TIMER/TIMER.o
 .comment       0x00000030       0x31 MCAL/TWI/TWI.o

.note.gnu.avr.deviceinfo
                0x00000000       0x3c
 .note.gnu.avr.deviceinfo
                0x00000000       0x3c c:/program files (x86)/atmel/studio/7.0/toolchain/avr8/avr8-gnu-toolchain/bin/../lib/gcc/avr/5.4.0/../../../../avr/lib/avr5/crtatmega32.o

.note.gnu.build-id
 *(.note.gnu.build-id)

.debug
 *(.debug)

.line
 *(.line)

.debug_srcinfo
 *(.debug_srcinfo)

.debug_sfnames
 *(.debug_sfnames)

.debug_aranges  0x00000000      0x318
 *(.debug_aranges)
 .debug_aranges
                0x00000000       0x28 APP/main.o
 .debug_aranges
                0x00000028       0x30 HAL/cooling_elemnt/cooling_element.o
 .debug_aranges
                0x00000058       0x30 HAL/EEPROM_24C16/EEPROM_24C16.o
 .debug_aranges
                0x00000088       0x30 HAL/heating_element/Heating_element.o
 .debug_aranges
                0x000000b8       0x48 HAL/LED/LED.o
 .debug_aranges
                0x00000100       0x28 HAL/P_B/P_B.o
 .debug_aranges
                0x00000128       0x40 HAL/S_SEG/S_SEG.o
 .debug_aranges
                0x00000168       0x28 HAL/TEMP_S/TEMP_S.o
 .debug_aranges
                0x00000190       0x28 MCAL/ADC/ADC.o
 .debug_aranges
                0x000001b8       0x68 MCAL/DIO/DIO.o
 .debug_aranges
                0x00000220       0x98 MCAL/TIMER/TIMER.o
 .debug_aranges
                0x000002b8       0x60 MCAL/TWI/TWI.o

.debug_pubnames
 *(.debug_pubnames)

.debug_info     0x00000000     0x3deb
 *(.debug_info .gnu.linkonce.wi.*)
 .debug_info    0x00000000      0x4e6 c:/program files (x86)/atmel/studio/7.0/toolchain/avr8/avr8-gnu-toolchain/bin/../lib/gcc/avr/5.4.0/../../../../avr/lib/avr5/crtatmega32.o
 .debug_info    0x000004e6      0x78f APP/main.o
 .debug_info    0x00000c75      0x10c HAL/cooling_elemnt/cooling_element.o
 .debug_info    0x00000d81      0x2b5 HAL/EEPROM_24C16/EEPROM_24C16.o
 .debug_info    0x00001036      0x10c HAL/heating_element/Heating_element.o
 .debug_info    0x00001142      0x306 HAL/LED/LED.o
 .debug_info    0x00001448      0x166 HAL/P_B/P_B.o
 .debug_info    0x000015ae     0x1dd8 HAL/S_SEG/S_SEG.o
 .debug_info    0x00003386      0x102 HAL/TEMP_S/TEMP_S.o
 .debug_info    0x00003488       0xc4 MCAL/ADC/ADC.o
 .debug_info    0x0000354c      0x2d3 MCAL/DIO/DIO.o
 .debug_info    0x0000381f      0x299 MCAL/TIMER/TIMER.o
 .debug_info    0x00003ab8      0x333 MCAL/TWI/TWI.o

.debug_abbrev   0x00000000      0xf8b
 *(.debug_abbrev)
 .debug_abbrev  0x00000000      0x4a3 c:/program files (x86)/atmel/studio/7.0/toolchain/avr8/avr8-gnu-toolchain/bin/../lib/gcc/avr/5.4.0/../../../../avr/lib/avr5/crtatmega32.o
 .debug_abbrev  0x000004a3      0x1bd APP/main.o
 .debug_abbrev  0x00000660       0x64 HAL/cooling_elemnt/cooling_element.o
 .debug_abbrev  0x000006c4      0x152 HAL/EEPROM_24C16/EEPROM_24C16.o
 .debug_abbrev  0x00000816       0x64 HAL/heating_element/Heating_element.o
 .debug_abbrev  0x0000087a       0x8d HAL/LED/LED.o
 .debug_abbrev  0x00000907       0xb8 HAL/P_B/P_B.o
 .debug_abbrev  0x000009bf      0x1cd HAL/S_SEG/S_SEG.o
 .debug_abbrev  0x00000b8c       0xa7 HAL/TEMP_S/TEMP_S.o
 .debug_abbrev  0x00000c33       0x7e MCAL/ADC/ADC.o
 .debug_abbrev  0x00000cb1      0x101 MCAL/DIO/DIO.o
 .debug_abbrev  0x00000db2       0xc1 MCAL/TIMER/TIMER.o
 .debug_abbrev  0x00000e73      0x118 MCAL/TWI/TWI.o

.debug_line     0x00000000     0x20e3
 *(.debug_line .debug_line.* .debug_line_end)
 .debug_line    0x00000000       0x1a c:/program files (x86)/atmel/studio/7.0/toolchain/avr8/avr8-gnu-toolchain/bin/../lib/gcc/avr/5.4.0/../../../../avr/lib/avr5/crtatmega32.o
 .debug_line    0x0000001a      0x582 APP/main.o
 .debug_line    0x0000059c       0x9c HAL/cooling_elemnt/cooling_element.o
 .debug_line    0x00000638      0x1cd HAL/EEPROM_24C16/EEPROM_24C16.o
 .debug_line    0x00000805       0x9d HAL/heating_element/Heating_element.o
 .debug_line    0x000008a2      0x173 HAL/LED/LED.o
 .debug_line    0x00000a15       0xd7 HAL/P_B/P_B.o
 .debug_line    0x00000aec      0xa0f HAL/S_SEG/S_SEG.o
 .debug_line    0x000014fb       0x9b HAL/TEMP_S/TEMP_S.o
 .debug_line    0x00001596      0x1d5 MCAL/ADC/ADC.o
 .debug_line    0x0000176b      0x3f7 MCAL/DIO/DIO.o
 .debug_line    0x00001b62      0x29d MCAL/TIMER/TIMER.o
 .debug_line    0x00001dff      0x2e4 MCAL/TWI/TWI.o

.debug_frame    0x00000000      0x5fc
 *(.debug_frame)
 .debug_frame   0x00000000       0x8c APP/main.o
 .debug_frame   0x0000008c       0x44 HAL/cooling_elemnt/cooling_element.o
 .debug_frame   0x000000d0       0x58 HAL/EEPROM_24C16/EEPROM_24C16.o
 .debug_frame   0x00000128       0x44 HAL/heating_element/Heating_element.o
 .debug_frame   0x0000016c       0x74 HAL/LED/LED.o
 .debug_frame   0x000001e0       0x34 HAL/P_B/P_B.o
 .debug_frame   0x00000214      0x108 HAL/S_SEG/S_SEG.o
 .debug_frame   0x0000031c       0x34 HAL/TEMP_S/TEMP_S.o
 .debug_frame   0x00000350       0x34 MCAL/ADC/ADC.o
 .debug_frame   0x00000384       0xb4 MCAL/DIO/DIO.o
 .debug_frame   0x00000438      0x120 MCAL/TIMER/TIMER.o
 .debug_frame   0x00000558       0xa4 MCAL/TWI/TWI.o

.debug_str      0x00000000      0x948
 *(.debug_str)
 .debug_str     0x00000000      0x196 c:/program files (x86)/atmel/studio/7.0/toolchain/avr8/avr8-gnu-toolchain/bin/../lib/gcc/avr/5.4.0/../../../../avr/lib/avr5/crtatmega32.o
 .debug_str     0x00000196      0x41c APP/main.o
                                0x455 (size before relaxing)
 .debug_str     0x000005b2       0x80 HAL/cooling_elemnt/cooling_element.o
                                0x1d0 (size before relaxing)
 .debug_str     0x00000632       0xd4 HAL/EEPROM_24C16/EEPROM_24C16.o
                                0x2da (size before relaxing)
 .debug_str     0x00000706       0x29 HAL/heating_element/Heating_element.o
                                0x1d1 (size before relaxing)
 .debug_str     0x0000072f       0x2d HAL/LED/LED.o
                                0x1bc (size before relaxing)
 .debug_str     0x0000075c       0x18 HAL/P_B/P_B.o
                                0x19b (size before relaxing)
 .debug_str     0x00000774       0x4c HAL/S_SEG/S_SEG.o
                                0x25f (size before relaxing)
 .debug_str     0x000007c0       0x29 HAL/TEMP_S/TEMP_S.o
                                0x1a5 (size before relaxing)
 .debug_str     0x000007e9       0x1a MCAL/ADC/ADC.o
                                0x185 (size before relaxing)
 .debug_str     0x00000803       0x72 MCAL/DIO/DIO.o
                                0x1f8 (size before relaxing)
 .debug_str     0x00000875       0xb2 MCAL/TIMER/TIMER.o
                                0x295 (size before relaxing)
 .debug_str     0x00000927       0x21 MCAL/TWI/TWI.o
                                0x29c (size before relaxing)

.debug_loc      0x00000000     0x22f4
 *(.debug_loc)
 .debug_loc     0x00000000      0x302 APP/main.o
 .debug_loc     0x00000302      0x152 HAL/EEPROM_24C16/EEPROM_24C16.o
 .debug_loc     0x00000454      0x14c HAL/LED/LED.o
 .debug_loc     0x000005a0      0x123 HAL/P_B/P_B.o
 .debug_loc     0x000006c3      0x5ca HAL/S_SEG/S_SEG.o
 .debug_loc     0x00000c8d       0x3f HAL/TEMP_S/TEMP_S.o
 .debug_loc     0x00000ccc       0x45 MCAL/ADC/ADC.o
 .debug_loc     0x00000d11     0x1246 MCAL/DIO/DIO.o
 .debug_loc     0x00001f57      0x15f MCAL/TIMER/TIMER.o
 .debug_loc     0x000020b6      0x23e MCAL/TWI/TWI.o

.debug_macinfo
 *(.debug_macinfo)

.debug_weaknames
 *(.debug_weaknames)

.debug_funcnames
 *(.debug_funcnames)

.debug_typenames
 *(.debug_typenames)

.debug_varnames
 *(.debug_varnames)

.debug_pubtypes
 *(.debug_pubtypes)

.debug_ranges   0x00000000      0x2d0
 *(.debug_ranges)
 .debug_ranges  0x00000000       0x30 APP/main.o
 .debug_ranges  0x00000030       0x20 HAL/cooling_elemnt/cooling_element.o
 .debug_ranges  0x00000050       0x20 HAL/EEPROM_24C16/EEPROM_24C16.o
 .debug_ranges  0x00000070       0x20 HAL/heating_element/Heating_element.o
 .debug_ranges  0x00000090       0x38 HAL/LED/LED.o
 .debug_ranges  0x000000c8       0x18 HAL/P_B/P_B.o
 .debug_ranges  0x000000e0       0x90 HAL/S_SEG/S_SEG.o
 .debug_ranges  0x00000170       0x18 HAL/TEMP_S/TEMP_S.o
 .debug_ranges  0x00000188       0x18 MCAL/ADC/ADC.o
 .debug_ranges  0x000001a0       0x58 MCAL/DIO/DIO.o
 .debug_ranges  0x000001f8       0x88 MCAL/TIMER/TIMER.o
 .debug_ranges  0x00000280       0x50 MCAL/TWI/TWI.o

.debug_macro
 *(.debug_macro)
OUTPUT(GccApplication1.elf elf32-avr)
LOAD linker stubs
